---
source: snowchains_core/tests/atcoder-retrieve-test-cases.rs
expression: messages
---
[
    OnRequest(
        GET,
        Url {
            scheme: "https",
            host: Some(
                Domain(
                    "atcoder.jp",
                ),
            ),
            port: None,
            path: "/contests/arc021/tasks",
            query: None,
            fragment: None,
        },
    ),
    OnResponse(
        200,
        Ok,
    ),
    OnRequest(
        GET,
        Url {
            scheme: "https",
            host: Some(
                Domain(
                    "atcoder.jp",
                ),
            ),
            port: None,
            path: "/contests/arc021/tasks_print",
            query: None,
            fragment: None,
        },
    ),
    OnResponse(
        200,
        Ok,
    ),
    Warn(
        "D: Could not extract the sample cases",
    ),
]
