---
source: snowchains_core/tests/atcoder-retrieve-test-cases.rs
expression: messages
---
[
    OnRequest(
        GET,
        "https://atcoder.jp/contests/abc019/tasks",
    ),
    OnResponse(
        200,
        Ok,
    ),
    OnRequest(
        GET,
        "https://atcoder.jp/contests/abc019/tasks_print",
    ),
    OnResponse(
        200,
        Ok,
    ),
    Warn(
        "D: Could not extract the sample cases",
    ),
]
