---
source: snowchains_core/tests/yukicoder-retrieve-test-cases.rs
assertion_line: 95
expression: messages

---
[
    OnRequest(
        GET,
        Url {
            scheme: "https",
            cannot_be_a_base: false,
            username: "",
            password: None,
            host: Some(
                Domain(
                    "yukicoder.me",
                ),
            ),
            port: None,
            path: "/problems/no/1",
            query: None,
            fragment: None,
        },
    ),
    OnResponse(
        200,
        Ok,
    ),
    OnRequest(
        GET,
        Url {
            scheme: "https",
            cannot_be_a_base: false,
            username: "",
            password: None,
            host: Some(
                Domain(
                    "yukicoder.me",
                ),
            ),
            port: None,
            path: "/api/v1/problems/no/1",
            query: None,
            fragment: None,
        },
    ),
    OnResponse(
        200,
        Ok,
    ),
]
