---
source: snowchains_core/tests/yukicoder-retrieve-test-cases.rs
expression: messages
---
[
    OnRequest(
        GET,
        "https://yukicoder.me/api/v1/contest/id/281",
    ),
    OnResponse(
        200,
        Ok,
    ),
    OnRequest(
        GET,
        "https://yukicoder.me/api/v1/problems/3976",
    ),
    OnResponse(
        200,
        Ok,
    ),
    OnRequest(
        GET,
        "https://yukicoder.me/problems/no/1229",
    ),
    OnResponse(
        200,
        Ok,
    ),
    OnRequest(
        GET,
        "https://yukicoder.me/api/v1/problems/4945",
    ),
    OnResponse(
        200,
        Ok,
    ),
    OnRequest(
        GET,
        "https://yukicoder.me/problems/no/1230",
    ),
    OnResponse(
        200,
        Ok,
    ),
    OnRequest(
        GET,
        "https://yukicoder.me/api/v1/problems/2651",
    ),
    OnResponse(
        200,
        Ok,
    ),
    OnRequest(
        GET,
        "https://yukicoder.me/problems/no/1231",
    ),
    OnResponse(
        200,
        Ok,
    ),
    OnRequest(
        GET,
        "https://yukicoder.me/api/v1/problems/3014",
    ),
    OnResponse(
        200,
        Ok,
    ),
    OnRequest(
        GET,
        "https://yukicoder.me/problems/no/1232",
    ),
    OnResponse(
        200,
        Ok,
    ),
    OnRequest(
        GET,
        "https://yukicoder.me/api/v1/problems/3265",
    ),
    OnResponse(
        200,
        Ok,
    ),
    OnRequest(
        GET,
        "https://yukicoder.me/problems/no/1233",
    ),
    OnResponse(
        200,
        Ok,
    ),
    OnRequest(
        GET,
        "https://yukicoder.me/api/v1/problems/1379",
    ),
    OnResponse(
        200,
        Ok,
    ),
    OnRequest(
        GET,
        "https://yukicoder.me/problems/no/1234",
    ),
    OnResponse(
        200,
        Ok,
    ),
]
